// Jest Snapshot v1, https://goo.gl/fbAQLP

exports[`Pruebas en GifItem component Debe coincidir con el snapshot 1`] = `
<div>
  <div
    class="card"
  >
    <img
      alt="titlePrueba"
      src="http://urlprueba.com/"
    />
    <p>
      titlePrueba
    </p>
  </div>
</div>
`;
